module=phase_atom_literal
diagnostics=0
function_symbols=1
fn=status/0 public=true exported=true return=Atom
local_types=
imported_types=
imported_traits=
interface_map=std.beam.Agent,std.beam.Backpressure,std.beam.Bytes,std.beam.GenServer,std.beam.Message,std.beam.NativeBridge,std.beam.Port,std.beam.Process,std.beam.Supervisor,std.beam.Task,std.beam.Tcp,std.beam.Timeout,std.collections.Enumerable,std.collections.Index,std.collections.Iterable,std.collections.Iterator,std.collections.List,std.collections.Map,std.collections.Set,std.core.Add,std.core.Atom,std.core.Bool,std.core.Equal,std.core.Error,std.core.Float,std.core.Functional,std.core.Int,std.core.Object,std.core.Option,std.core.Ordering,std.core.Result,std.core.String,std.core.Task,std.core.Unit,std.data.Json,std.db.Postgres,std.encoding.Base64,std.http.Cookies,std.http.Error,std.http.Request,std.http.Response,std.http.Router,std.http.Tls,std.io.Console,std.io.File,std.io.Path,std.js.Array,std.js.Dom.Document,std.js.Dom.HTMLElement,std.js.Number,std.js.Promise,std.js.String,std.log,std.native.collections.Vector,std.net.Uri,std.sync.Resource,std.template.Template,std.test.Test
interface_functions=1
